\BOOKMARK [1][-]{section.0.1}{Le service Personnage}{}
\BOOKMARK [1][-]{section.0.2}{Gangster}{}
\BOOKMARK [1][-]{section.0.3}{Objet}{}
\BOOKMARK [1][-]{section.0.4}{Terrain}{}
\BOOKMARK [1][-]{section.0.5}{Moteur de jeu}{}
\BOOKMARK [1][-]{section.0.6}{GestionCombat}{}
